###############################################################################
#
# IAR ELF Linker V9.10.2.313/W64 for ARM                  18/Mar/2022  14:10:40
# Copyright 2007-2021 IAR Systems AB.
#
#    Output file  =
#        C:\Users\zsate\Documents\ProjektAprilCSE1\Debug\Exe\ProjektArilCSE1.out
#    Map file     =
#        C:\Users\zsate\Documents\ProjektAprilCSE1\Debug\List\ProjektArilCSE1.map
#    Command line =
#        -f
#        C:\Users\zsate\Documents\ProjektAprilCSE1\Debug\Exe\ProjektArilCSE1.out.rsp
#        (C:\Users\zsate\Documents\ProjektAprilCSE1\Debug\Obj\src.files\cstartup.o
#        C:\Users\zsate\Documents\ProjektAprilCSE1\Debug\Obj\Display.o
#        C:\Users\zsate\Documents\ProjektAprilCSE1\Debug\Obj\src.files\exceptions.o
#        C:\Users\zsate\Documents\ProjektAprilCSE1\Debug\Obj\Keypad.o
#        C:\Users\zsate\Documents\ProjektAprilCSE1\Debug\Obj\main.o
#        C:\Users\zsate\Documents\ProjektAprilCSE1\Debug\Obj\src.files\startup_sam3x.o
#        C:\Users\zsate\Documents\ProjektAprilCSE1\Debug\Obj\src.files\system_sam3x.o
#        C:\Users\zsate\Documents\ProjektAprilCSE1\Debug\Obj\Temperature.o
#        --no_out_extension -o
#        C:\Users\zsate\Documents\ProjektAprilCSE1\Debug\Exe\ProjektArilCSE1.out
#        --redirect _Printf=_PrintfFullNoMb --redirect _Scanf=_ScanfFullNoMb
#        --map
#        C:\Users\zsate\Documents\ProjektAprilCSE1\Debug\List\ProjektArilCSE1.map
#        --config "D:\Program Files
#        (x86)\arm\config\linker\Microchip\sam3x8\sram.icf" --semihosting
#        --entry __iar_program_start --vfe --text_out locale)
#
###############################################################################

*******************************************************************************
*** RUNTIME MODEL ATTRIBUTES
***

CppFlavor       = *
__SystemLibrary = DLib
__dlib_version  = 6


*******************************************************************************
*** HEAP SELECTION
***

The basic heap was selected because some modules are built with
size limitations (and not runtime checking), and --advanced_heap
was not specified.


*******************************************************************************
*** PLACEMENT SUMMARY
***

"A0":  place at address 0x2007'0000 { ro section .intvec };
"P1":  place in [from 0x2007'0000 to 0x2008'7fff] { ro };
define block CSTACK with size = 4K, alignment = 8 { };
define block HEAP with size = 8K, alignment = 8 { };
"P2":  place in [from 0x2007'0000 to 0x2008'7fff] {
          rw, block CSTACK, block HEAP };
initialize by copy with packing = copy, complex ranges { rw };

  Section            Kind         Address    Size  Object
  -------            ----         -------    ----  ------
"A0":                                        0xf4
  .intvec                     0x2007'0000    0xf4  <Block>
    .intvec          const    0x2007'0000    0xf4  startup_sam3x.o [2]
                            - 0x2007'00f4    0xf4

"P1-P2", part 1 of 2:                      0x2578
  .text              ro code  0x2007'00f4   0xf12  xprintffull_nomb.o [3]
  .text              ro code  0x2007'1006    0x2a  copy_init3.o [5]
  .text              ro code  0x2007'1030    0x16  strchr.o [5]
  .text              ro code  0x2007'1046     0xa  xsprout.o [3]
  .text              ro code  0x2007'1050    0x40  xfail_s.o [3]
  .text              ro code  0x2007'1090    0x36  strlen.o [5]
  .text              ro code  0x2007'10c6     0x2  exceptions.o [2]
  .text              ro code  0x2007'10c8    0x58  memchr.o [5]
  .text              ro code  0x2007'1120    0xa6  ABImemcpy.o [5]
  .text              ro code  0x2007'11c8    0x70  frexp.o [4]
  .text              ro code  0x2007'1238    0x34  DblCmpLe.o [4]
  .text              ro code  0x2007'126c    0x34  DblCmpGe.o [4]
  .text              ro code  0x2007'12a0   0x13a  ldexp.o [4]
  .text              ro code  0x2007'13dc    0x36  DblToS32.o [4]
  .text              ro code  0x2007'1414    0x22  S32ToDbl.o [4]
  .text              ro code  0x2007'1438   0x25e  DblAddSub.o [4]
  .text              ro code  0x2007'1698   0x246  DblDiv.o [4]
  .text              ro code  0x2007'18e0    0x22  DblToU32.o [4]
  .text              ro code  0x2007'1904    0x1c  U32ToDbl.o [4]
  .text              ro code  0x2007'1920   0x1aa  DblMul.o [4]
  .text              ro code  0x2007'1acc   0x230  I64DivMod.o [5]
  .text              ro code  0x2007'1cfc     0x6  abort.o [3]
  .text              ro code  0x2007'1d04     0x2  I64DivZer.o [5]
  .text              ro code  0x2007'1d08    0x14  exit.o [6]
  .text              ro code  0x2007'1d1c    0x2c  iarttio.o [6]
  .text              ro code  0x2007'1d48     0x8  XShttio.o [3]
  .text              ro code  0x2007'1d50   0x2e8  Display.o [1]
  .text              ro code  0x2007'2038   0x1f4  Temperature.o [1]
  .text              ro code  0x2007'222c    0x68  DblToFlt.o [4]
  .text              ro code  0x2007'2294   0x1b4  main.o [1]
  .text              ro code  0x2007'2448    0xb8  system_sam3x.o [2]
  .text              ro code  0x2007'2500    0x48  FltToDbl.o [4]
  .text              ro code  0x2007'2548    0x40  sprintf.o [3]
  .text              ro code  0x2007'2588    0x34  startup_sam3x.o [2]
  .text              ro code  0x2007'25bc     0xc  cstartup.o [2]
  .text              ro code  0x2007'25c8    0x1e  cmain.o [5]
  .text              ro code  0x2007'25e8    0x28  data_init.o [5]
  .text              ro code  0x2007'2610     0x4  exit.o [3]
  .text              ro code  0x2007'2614     0xa  cexit.o [5]
  .iar.init_table    const    0x2007'2620    0x14  - Linker created -
  .rodata            const    0x2007'2634     0x0  copy_init3.o [5]
  P1-P2 s0                    0x2007'2634    0x1c  <Init block>
    .data            inited   0x2007'2634     0x8  XShttio.o [3]
    .data            inited   0x2007'263c     0x4  system_sam3x.o [2]
    .bss             inited   0x2007'2640     0x4  Temperature.o [1]
    .bss             inited   0x2007'2644     0x4  Temperature.o [1]
    .bss             inited   0x2007'2648     0x4  Temperature.o [1]
    .bss             inited   0x2007'264c     0x4  xfail_s.o [3]
  Initializer bytes  const    0x2007'2650    0x1c  <for P1-P2 s0>
                            - 0x2007'266c  0x2578

"P1-P2", part 2 of 2:                      0x1000
  CSTACK                      0x2007'2670  0x1000  <Block>
    CSTACK           uninit   0x2007'2670  0x1000  <Block tail>
                            - 0x2007'3670  0x1000

Unused ranges:

         From           To      Size
         ----           --      ----
  0x2007'266c  0x2007'266f       0x4
  0x2007'3670  0x2008'7fff  0x1'4990


*******************************************************************************
*** INIT TABLE
***

          Address      Size
          -------      ----
Copy (__iar_copy_init3)
    1 source range, total size 0x1c:
          0x2007'2650  0x1c
    1 destination range, total size 0x1c:
          0x2007'2634  0x1c



*******************************************************************************
*** MODULE SUMMARY
***

    Module              ro code  ro data  rw data
    ------              -------  -------  -------
command line/config:
    ---------------------------------------------
    Total:

C:\Users\zsate\Documents\ProjektAprilCSE1\Debug\Obj: [1]
    Display.o               744
    Temperature.o           500       12       12
    main.o                  436
    ---------------------------------------------
    Total:                1'680       12       12

C:\Users\zsate\Documents\ProjektAprilCSE1\Debug\Obj\src.files: [2]
    cstartup.o               12
    exceptions.o              2
    startup_sam3x.o          52      244
    system_sam3x.o          184        4        4
    ---------------------------------------------
    Total:                  250      248        4

dl7M_tln.a: [3]
    XShttio.o                 8        8        8
    abort.o                   6
    exit.o                    4
    sprintf.o                64
    xfail_s.o                64        4        4
    xprintffull_nomb.o    3'858
    xsprout.o                10
    ---------------------------------------------
    Total:                4'014       12       12

m7M_tl.a: [4]
    DblAddSub.o             606
    DblCmpGe.o               52
    DblCmpLe.o               52
    DblDiv.o                582
    DblMul.o                426
    DblToFlt.o              104
    DblToS32.o               54
    DblToU32.o               34
    FltToDbl.o               72
    S32ToDbl.o               34
    U32ToDbl.o               28
    frexp.o                 112
    ldexp.o                 314
    ---------------------------------------------
    Total:                2'470

rt7M_tl.a: [5]
    ABImemcpy.o             166
    I64DivMod.o             560
    I64DivZer.o               2
    cexit.o                  10
    cmain.o                  30
    copy_init3.o             42
    data_init.o              40
    memchr.o                 88
    strchr.o                 22
    strlen.o                 54
    ---------------------------------------------
    Total:                1'014

shb_l.a: [6]
    exit.o                   20
    iarttio.o                44
    ---------------------------------------------
    Total:                   64

    Gaps                     22        2
    Linker created                    20    4'096
-------------------------------------------------
    Grand Total:          9'514      294    4'124


*******************************************************************************
*** ENTRY LIST
***

Entry                       Address   Size  Type      Object
-----                       -------   ----  ----      ------
.iar.init_table$$Base   0x2007'2620          --   Gb  - Linker created -
.iar.init_table$$Limit  0x2007'2634          --   Gb  - Linker created -
.intvec$$Base           0x2007'0000          --   Gb  - Linker created -
.intvec$$Limit          0x2007'00f4          --   Gb  - Linker created -
?main                   0x2007'25c9         Code  Gb  cmain.o [5]
ADC_Handler             0x2007'10c7    0x2  Code  Wk  exceptions.o [2]
BusFault_Handler        0x2007'10c7    0x2  Code  Wk  exceptions.o [2]
CAN0_Handler            0x2007'10c7    0x2  Code  Wk  exceptions.o [2]
CAN1_Handler            0x2007'10c7    0x2  Code  Wk  exceptions.o [2]
CSTACK$$Base            0x2007'2670          --   Gb  - Linker created -
CSTACK$$Limit           0x2007'3670          --   Gb  - Linker created -
Clear_Display           0x2007'1f8b   0x34  Code  Gb  Display.o [1]
Config                  0x2007'22e1   0xe2  Code  Gb  main.o [1]
DACC_Handler            0x2007'10c7    0x2  Code  Wk  exceptions.o [2]
DMAC_Handler            0x2007'10c7    0x2  Code  Wk  exceptions.o [2]
DebugMon_Handler        0x2007'10c7    0x2  Code  Wk  exceptions.o [2]
Delay                   0x2007'1dc1    0xe  Code  Gb  Display.o [1]
Dummy_Handler           0x2007'10c7    0x2  Code  Gb  exceptions.o [2]
EFC0_Handler            0x2007'10c7    0x2  Code  Wk  exceptions.o [2]
EFC1_Handler            0x2007'10c7    0x2  Code  Wk  exceptions.o [2]
HSMCI_Handler           0x2007'10c7    0x2  Code  Wk  exceptions.o [2]
HardFault_Handler       0x2007'10c7    0x2  Code  Wk  exceptions.o [2]
Init_Display            0x2007'1f21   0x6a  Code  Gb  Display.o [1]
Init_clockTemp          0x2007'2085   0x72  Code  Gb  Temperature.o [1]
MemManage_Handler       0x2007'10c7    0x2  Code  Wk  exceptions.o [2]
NMI_Handler             0x2007'10c7    0x2  Code  Wk  exceptions.o [2]
NVIC_ClearPendingIRQ    0x2007'22a9   0x14  Code  Lc  main.o [1]
NVIC_ClearPendingIRQ    0x2007'204d   0x14  Code  Lc  Temperature.o [1]
NVIC_EnableIRQ          0x2007'2295   0x14  Code  Lc  main.o [1]
NVIC_EnableIRQ          0x2007'2039   0x14  Code  Lc  Temperature.o [1]
NVIC_SetPriority        0x2007'22bd   0x24  Code  Lc  main.o [1]
NVIC_SetPriority        0x2007'2061   0x24  Code  Lc  Temperature.o [1]
PIOA_Handler            0x2007'10c7    0x2  Code  Wk  exceptions.o [2]
PIOB_Handler            0x2007'10c7    0x2  Code  Wk  exceptions.o [2]
PIOC_Handler            0x2007'10c7    0x2  Code  Wk  exceptions.o [2]
PIOD_Handler            0x2007'10c7    0x2  Code  Wk  exceptions.o [2]
PMC_Handler             0x2007'10c7    0x2  Code  Wk  exceptions.o [2]
PWM_Handler             0x2007'10c7    0x2  Code  Wk  exceptions.o [2]
PendSV_Handler          0x2007'10c7    0x2  Code  Wk  exceptions.o [2]
RSTC_Handler            0x2007'10c7    0x2  Code  Wk  exceptions.o [2]
RTC_Handler             0x2007'10c7    0x2  Code  Wk  exceptions.o [2]
RTT_Handler             0x2007'10c7    0x2  Code  Wk  exceptions.o [2]
Read_Status_Display     0x2007'1dcf   0x62  Code  Gb  Display.o [1]
Region$$Table$$Base     0x2007'2620          --   Gb  - Linker created -
Region$$Table$$Limit    0x2007'2634          --   Gb  - Linker created -
Reset_Handler           0x2007'25b5    0x8  Code  Gb  startup_sam3x.o [2]
SPI0_Handler            0x2007'10c7    0x2  Code  Wk  exceptions.o [2]
SSC_Handler             0x2007'10c7    0x2  Code  Wk  exceptions.o [2]
SUPC_Handler            0x2007'10c7    0x2  Code  Wk  exceptions.o [2]
SVC_Handler             0x2007'10c7    0x2  Code  Wk  exceptions.o [2]
SysTick_Handler         0x2007'10c7    0x2  Code  Wk  exceptions.o [2]
SystemCoreClock         0x2007'263c    0x4  Data  Gb  system_sam3x.o [2]
SystemInit              0x2007'2449   0x86  Code  Gb  system_sam3x.o [2]
TC0_Handler             0x2007'214f    0xe  Code  Gb  Temperature.o [1]
TC1_Handler             0x2007'10c7    0x2  Code  Wk  exceptions.o [2]
TC2_Handler             0x2007'10c7    0x2  Code  Wk  exceptions.o [2]
TC3_Handler             0x2007'10c7    0x2  Code  Wk  exceptions.o [2]
TC4_Handler             0x2007'10c7    0x2  Code  Wk  exceptions.o [2]
TC5_Handler             0x2007'10c7    0x2  Code  Wk  exceptions.o [2]
TRNG_Handler            0x2007'10c7    0x2  Code  Wk  exceptions.o [2]
TWI0_Handler            0x2007'10c7    0x2  Code  Wk  exceptions.o [2]
TWI1_Handler            0x2007'10c7    0x2  Code  Wk  exceptions.o [2]
UART_Handler            0x2007'10c7    0x2  Code  Wk  exceptions.o [2]
UOTGHS_Handler          0x2007'10c7    0x2  Code  Wk  exceptions.o [2]
USART0_Handler          0x2007'10c7    0x2  Code  Wk  exceptions.o [2]
USART1_Handler          0x2007'10c7    0x2  Code  Wk  exceptions.o [2]
USART2_Handler          0x2007'10c7    0x2  Code  Wk  exceptions.o [2]
UsageFault_Handler      0x2007'10c7    0x2  Code  Wk  exceptions.o [2]
WDT_Handler             0x2007'10c7    0x2  Code  Wk  exceptions.o [2]
Write_Command_2_Display
                        0x2007'1e31   0x78  Code  Gb  Display.o [1]
Write_Data_2_Display    0x2007'1ea9   0x78  Code  Gb  Display.o [1]
_LitobFullNoMb          0x2007'0e0d  0x10c  Code  Lc  xprintffull_nomb.o [3]
_PrintfFullNoMb         0x2007'00f5  0xcea  Code  Gb  xprintffull_nomb.o [3]
_PutcharFullNoMb        0x2007'0f71   0x20  Code  Lc  xprintffull_nomb.o [3]
_PutcharsFullNoMb       0x2007'0f91   0x2e  Code  Lc  xprintffull_nomb.o [3]
_SProut                 0x2007'1047    0xa  Code  Gb  xsprout.o [3]
__aeabi_cdcmple         0x2007'1239         Code  Gb  DblCmpLe.o [4]
__aeabi_cdrcmple        0x2007'126d         Code  Gb  DblCmpGe.o [4]
__aeabi_d2f             0x2007'222d         Code  Gb  DblToFlt.o [4]
__aeabi_d2iz            0x2007'13dd         Code  Gb  DblToS32.o [4]
__aeabi_d2uiz           0x2007'18e1         Code  Gb  DblToU32.o [4]
__aeabi_dadd            0x2007'1439         Code  Gb  DblAddSub.o [4]
__aeabi_ddiv            0x2007'1699         Code  Gb  DblDiv.o [4]
__aeabi_dmul            0x2007'1921         Code  Gb  DblMul.o [4]
__aeabi_dsub            0x2007'15b5         Code  Gb  DblAddSub.o [4]
__aeabi_f2d             0x2007'2501         Code  Gb  FltToDbl.o [4]
__aeabi_i2d             0x2007'1415         Code  Gb  S32ToDbl.o [4]
__aeabi_ldiv0           0x2007'1d05         Code  Gb  I64DivZer.o [5]
__aeabi_memcpy          0x2007'1121         Code  Gb  ABImemcpy.o [5]
__aeabi_memcpy4         0x2007'1141         Code  Gb  ABImemcpy.o [5]
__aeabi_memcpy8         0x2007'1141         Code  Gb  ABImemcpy.o [5]
__aeabi_ui2d            0x2007'1905         Code  Gb  U32ToDbl.o [4]
__aeabi_uldivmod        0x2007'1acd         Code  Gb  I64DivMod.o [5]
__cmain                 0x2007'25c9         Code  Gb  cmain.o [5]
__exit                  0x2007'1d09   0x14  Code  Gb  exit.o [6]
__iar_Fail_s            0x2007'1051   0x1c  Code  Gb  xfail_s.o [3]
__iar_Memchr            0x2007'10c9         Code  Gb  memchr.o [5]
__iar_Strchr            0x2007'1031         Code  Gb  strchr.o [5]
__iar_close_ttio        0x2007'1d1d   0x2c  Code  Gb  iarttio.o [6]
__iar_copy_init3        0x2007'1007   0x2a  Code  Gb  copy_init3.o [5]
__iar_data_init3        0x2007'25e9   0x28  Code  Gb  data_init.o [5]
__iar_frexp             0x2007'11d5         Code  Gb  frexp.o [4]
__iar_frexp64           0x2007'11c9         Code  Gb  frexp.o [4]
__iar_frexpl            0x2007'11d5         Code  Gb  frexp.o [4]
__iar_ldexp64           0x2007'12a1         Code  Gb  ldexp.o [4]
__iar_lookup_ttioh      0x2007'1d49    0x8  Code  Gb  XShttio.o [3]
__iar_program_start     0x2007'25bd         Code  Gb  cstartup.o [2]
__iar_scalbln64         0x2007'12a1         Code  Gb  ldexp.o [4]
__iar_scalbn64          0x2007'12a1         Code  Gb  ldexp.o [4]
__iar_ttio_handles      0x2007'2634    0x8  Data  Lc  XShttio.o [3]
__low_level_init        0x2007'2589   0x24  Code  Gb  startup_sam3x.o [2]
__vector_table          0x2007'0000   0xf4  Data  Gb  startup_sam3x.o [2]
_call_main              0x2007'25d5         Code  Gb  cmain.o [5]
_exit                   0x2007'2615         Code  Gb  cexit.o [5]
abort                   0x2007'1cfd    0x6  Code  Gb  abort.o [3]
exit                    0x2007'2611    0x4  Code  Gb  exit.o [3]
flag                    0x2007'2640    0x4  Data  Gb  Temperature.o [1]
flag2                   0x2007'2644    0x4  Data  Gb  Temperature.o [1]
frexp                   0x2007'11c9         Code  Gb  frexp.o [4]
frexpl                  0x2007'11c9         Code  Gb  frexp.o [4]
init_Pins_Display       0x2007'1d51   0x70  Code  Gb  Display.o [1]
ldexp                   0x2007'12a1         Code  Gb  ldexp.o [4]
ldexpl                  0x2007'12a1         Code  Gb  ldexp.o [4]
main                    0x2007'23c3   0x4a  Code  Gb  main.o [1]
measure_Temp            0x2007'20f7   0x58  Code  Gb  Temperature.o [1]
memchr                  0x2007'10c9         Code  Gb  memchr.o [5]
print_Text_Display      0x2007'2007   0x32  Code  Gb  Display.o [1]
record_Temperature      0x2007'215d   0x64  Code  Gb  Temperature.o [1]
scalbln                 0x2007'12a1         Code  Gb  ldexp.o [4]
scalblnl                0x2007'12a1         Code  Gb  ldexp.o [4]
scalbn                  0x2007'12a1         Code  Gb  ldexp.o [4]
scalbnl                 0x2007'12a1         Code  Gb  ldexp.o [4]
scale                   0x2007'0f19   0x46  Code  Lc  xprintffull_nomb.o [3]
sec_hand                0x2007'264c    0x4  Data  Lc  xfail_s.o [3]
set_DisplayAdress       0x2007'1fed   0x1a  Code  Gb  Display.o [1]
sprintf                 0x2007'2549   0x40  Code  Gb  sprintf.o [3]
strchr                  0x2007'1031         Code  Gb  strchr.o [5]
strlen                  0x2007'1091         Code  Gb  strlen.o [5]
temperature             0x2007'2648    0x4  Data  Gb  Temperature.o [1]


[1] = C:\Users\zsate\Documents\ProjektAprilCSE1\Debug\Obj
[2] = C:\Users\zsate\Documents\ProjektAprilCSE1\Debug\Obj\src.files
[3] = dl7M_tln.a
[4] = m7M_tl.a
[5] = rt7M_tl.a
[6] = shb_l.a

  9'514 bytes of readonly  code memory
    294 bytes of readonly  data memory
  4'124 bytes of readwrite data memory

Errors: none
Warnings: none
